### TAG=job3-eaptls-build-3
### CMD=ansible-playbook macsec-eaptls.yml
### START=2026-09-01T12:38:07Z

PLAY [Stand up the certificate server] *****************************************

TASK [Local IOS CA] ************************************************************
included: common for r2

TASK [common : CA | clock] *****************************************************
included: /Users/jgomez2/dev/pqc/deploy/ios-xe/automation/roles/common/tasks/assert-clock.yml for r2
[WARNING]: Persistent connection logging is enabled for 198.18.154.203. This will log ALL interactions to /Users/jgomez2/pqc-captures/job3/raw-probe.log and WILL NOT redact sensitive configuration like passwords. USE WITH CAUTION!
[WARNING]: ansible-pylibssh not installed, falling back to paramiko

TASK [common : Clock | read] ***************************************************
ok: [r2]

TASK [common : Clock | must be authoritative] **********************************
ok: [r2]

TASK [common : CA | enable the HTTP server for SCEP] ***************************
ok: [r2]

TASK [common : CA | render certificate server] *********************************
ok: [r2]

TASK [common : CA | push certificate server] ***********************************
included: /Users/jgomez2/dev/pqc/deploy/ios-xe/automation/roles/common/tasks/netconf-edit.yml for r2

TASK [common : NETCONF edit-config | certificate server CA_Server] *************
ok: [r2]

TASK [common : CA | current state] *********************************************
ok: [r2]

TASK [common : CA | re-read state to pick up the fingerprint] ******************
ok: [r2]

TASK [common : CA | the certificate server must actually be running] ***********
ok: [r2]

TASK [common : CA | record the fingerprint] ************************************
ok: [r2]

TASK [common : CA | fingerprint must be readable] ******************************
ok: [r2]

PLAY [Build MACsec keyed by EAP-TLS] *******************************************

TASK [macsec_eaptls : EAP-TLS | sanity] ****************************************
ok: [r1]
ok: [r2]

TASK [Enrol the EAP-TLS identity certificate] **********************************
included: common for r1, r2

TASK [common : PKI | PQAUTO-CA-TP | the CA fingerprint must be pinned] *********
ok: [r1]
ok: [r2]

TASK [common : PKI | PQAUTO-CA-TP | render trustpoint] *************************
ok: [r2]
ok: [r1]

TASK [common : PKI | PQAUTO-CA-TP | push trustpoint] ***************************
included: /Users/jgomez2/dev/pqc/deploy/ios-xe/automation/roles/common/tasks/netconf-edit.yml for r1, r2
[WARNING]: Persistent connection logging is enabled for 198.18.154.202. This will log ALL interactions to /Users/jgomez2/pqc-captures/job3/raw-probe.log and WILL NOT redact sensitive configuration like passwords. USE WITH CAUTION!

TASK [common : NETCONF edit-config | trustpoint PQAUTO-CA-TP (rsa)] ************
ok: [r2]
ok: [r1]

TASK [common : PKI | PQAUTO-CA-TP | already enrolled?] *************************
ok: [r2]
ok: [r1]

TASK [macsec_eaptls : AAA, EAP and subscriber policy] **************************
included: /Users/jgomez2/dev/pqc/deploy/ios-xe/automation/roles/macsec_eaptls/tasks/aaa-stack.yml for r1, r2

TASK [macsec_eaptls : AAA | local authentication and authorization for dot1x] ***
ok: [r2]
ok: [r1]

TASK [macsec_eaptls : AAA | linksec must-secure attribute list] ****************
ok: [r2]
ok: [r1]

TASK [macsec_eaptls : AAA | bind the attribute list to the peer identity] ******
ok: [r2]
ok: [r1]

TASK [macsec_eaptls : EAP | which certificate EAP-TLS presents, in both roles] ***
ok: [r2]
ok: [r1]

TASK [Subscriber | control policy | convert to CPL, strict prompt handling] ****
included: common for r1, r2

TASK [common : Guard | policy-map type control subscriber PQAUTO-MACSEC-POLICY has one answer per prompt] ***
ok: [r2]
ok: [r1]

TASK [common : Exec | policy-map type control subscriber PQAUTO-MACSEC-POLICY | setup] ***
ok: [r1] => (item=configure terminal)
ok: [r2] => (item=configure terminal)

TASK [common : Exec (strict prompt) | policy-map type control subscriber PQAUTO-MACSEC-POLICY] ***
ok: [r1]
ok: [r2]

TASK [common : Exec | policy-map type control subscriber PQAUTO-MACSEC-POLICY | teardown] ***
ok: [r1] => (item=end)
ok: [r2] => (item=end)
[WARNING]: To ensure idempotency and correct diff the input configuration lines should be similar to how they appear if present in the running configuration on device

TASK [macsec_eaptls : Subscriber | control policy | on session start, authenticate] ***
ok: [r1]
changed: [r2]

TASK [macsec_eaptls : Subscriber | control policy | on success, demand a secured link] ***
ok: [r1]
changed: [r2]

TASK [macsec_eaptls : Render MKA policy and dot1x credentials] *****************
ok: [r1]
ok: [r2]

TASK [Push MKA policy and dot1x credentials] ***********************************
included: common for r1, r2

TASK [common : NETCONF edit-config | MKA policy PQAUTO-MKA-EAP and dot1x credentials] ***
changed: [r2]
ok: [r1]

TASK [macsec_eaptls : Interface, last] *****************************************
included: /Users/jgomez2/dev/pqc/deploy/ios-xe/automation/roles/macsec_eaptls/tasks/interface.yml for r1, r2

TASK [macsec_eaptls : Interface | certificate must exist before closing the port] ***
ok: [r1]
ok: [r2]

TASK [macsec_eaptls : Interface | refuse to close the port without a certificate] ***
ok: [r2]
ok: [r1]

TASK [macsec_eaptls : Interface | EAP-TLS MACsec] ******************************
ok: [r1]
changed: [r2]
FAILED - RETRYING: [r1]: macsec_eaptls : Wait for the MKA session to secure (17 retries left).
FAILED - RETRYING: [r2]: macsec_eaptls : Wait for the MKA session to secure (17 retries left).

TASK [macsec_eaptls : Wait for the MKA session to secure] **********************
ok: [r2]
ok: [r1]

TASK [Save] ********************************************************************
included: common for r1, r2

PLAY [Report the post-quantum posture] *****************************************

TASK [Verify | negotiated ML-KEM group per IKEv2 SA] ***************************
included: common for r2, r1, r3
[WARNING]: Persistent connection logging is enabled for 198.18.154.204. This will log ALL interactions to /Users/jgomez2/pqc-captures/job3/raw-probe.log and WILL NOT redact sensitive configuration like passwords. USE WITH CAUTION!

TASK [common : NETCONF get | IKEv2 SA operational data] ************************
ok: [r3]
ok: [r2]
ok: [r1]

TASK [verify : Verify | record the negotiated groups] **************************
ok: [r1]
ok: [r2]
ok: [r3]

TASK [Verify | PPK quantum-resistance counters] ********************************
included: common for r2, r1, r3

TASK [common : NETCONF get | IKEv2 statistics] *********************************
ok: [r2]
ok: [r1]
ok: [r3]

TASK [verify : Verify | record the PPK counters as YANG reports them] **********
ok: [r1]
ok: [r2]
ok: [r3]

TASK [verify : Verify | IKEv2 signature algorithm and PPK counters (show parsing, see comment)] ***
ok: [r2]
ok: [r1]
ok: [r3]

TASK [verify : Verify | record the signature algorithms] ***********************
ok: [r1]
ok: [r2]
ok: [r3]

TASK [verify : Verify | record the PPK counters as the CLI reports them] *******
ok: [r2]
ok: [r1]
ok: [r3]

TASK [Verify | SSH key exchange algorithms] ************************************
included: common for r2, r1, r3

TASK [common : NETCONF get | ip ssh server algorithm kex] **********************
ok: [r3]
ok: [r2]
ok: [r1]

TASK [verify : Verify | record the SSH posture] ********************************
ok: [r2]
ok: [r1]
ok: [r3]

TASK [Verify | HTTPS PQC type] *************************************************
included: common for r2, r1, r3

TASK [common : NETCONF get | ip http secure-pqc-type] **************************
ok: [r3]
ok: [r2]
ok: [r1]

TASK [verify : Verify | record the HTTPS posture] ******************************
ok: [r2]
ok: [r1]
ok: [r3]

TASK [Verify | access-session PQ settings] *************************************
included: common for r2, r1

TASK [common : NETCONF get | access-session pqc-type / tls-version] ************
ok: [r2]
ok: [r1]

TASK [verify : Verify | record the access-session settings] ********************
ok: [r2]
ok: [r1]

TASK [verify : Verify | MKA and MACsec state (show parsing, see comment)] ******
ok: [r1]
ok: [r2]

TASK [verify : Verify | record the MACsec state] *******************************
ok: [r2]
ok: [r1]

TASK [verify : Verify | is MACsec actually enabled on this interface] **********
ok: [r2]
ok: [r1]

TASK [verify : Verify | MACsec delta | push a known number of frames across the secured link] ***
ok: [r1]
ok: [r2]

TASK [verify : Verify | MACsec delta | second read of the counters] ************
ok: [r1]
ok: [r2]

TASK [verify : Verify | MACsec delta | record it] ******************************
ok: [r2]
ok: [r1]

TASK [verify : Verify | MACsec delta | the delta itself] ***********************
ok: [r2]
ok: [r1]

TASK [verify : Verify | PQ posture] ********************************************
ok: [r2] => {
    "msg": {
        "host": "r2",
        "https": {
            "pqc_type": "(default: all)",
            "tls_version": "(unset)"
        },
        "ipsec": {
            "expected_pqc_group": "pqc-gt-mlkem768",
            "ike_fragmentation": false,
            "ike_sa_count": 0,
            "negotiated_pqc_group": [],
            "ppk_counters": {
                "dynamic_ppk": "0",
                "manual_ppk": "0",
                "ppk_auth_fail": "0",
                "ppk_id_mismatch": "0",
                "ppk_retrieve_fail": "0",
                "quantum_resistant_sessions": "0"
            },
            "ppk_counters_yang_broken_on_26_2": {
                "dynamic_ppk": "0",
                "manual_ppk": "0",
                "ppk_auth_fail": "0",
                "ppk_id_mismatch": "0",
                "quantum_resistant_sessions": "0"
            },
            "ppk_secured_sas": [],
            "signature_algorithm": []
        },
        "macsec": {
            "cipher": "GCM-AES-256",
            "ckn": "4974BCE68D541249A170D31D583D4EF7",
            "delta_pings_succeeded": "20",
            "mka_secured_sessions": "1",
            "out_pkts_encrypted_DELTA": 40,
            "out_pkts_encrypted_after_ping": "51",
            "out_pkts_encrypted_cumulative": "11",
            "pqc_type": "(default: non-pqc)",
            "tls_version": "(default: all)",
            "transmitting": true
        },
        "ssh": {
            "hostkey": [
                "rsa-sha2-512",
                "rsa-sha2-256"
            ],
            "kex_offer_order": []
        }
    }
}
ok: [r1] => {
    "msg": {
        "host": "r1",
        "https": {
            "pqc_type": "(default: all)",
            "tls_version": "(unset)"
        },
        "ipsec": {
            "expected_pqc_group": "pqc-gt-mlkem768",
            "ike_fragmentation": false,
            "ike_sa_count": 0,
            "negotiated_pqc_group": [],
            "ppk_counters": {
                "dynamic_ppk": "0",
                "manual_ppk": "0",
                "ppk_auth_fail": "0",
                "ppk_id_mismatch": "0",
                "ppk_retrieve_fail": "0",
                "quantum_resistant_sessions": "0"
            },
            "ppk_counters_yang_broken_on_26_2": {
                "dynamic_ppk": "0",
                "manual_ppk": "0",
                "ppk_auth_fail": "0",
                "ppk_id_mismatch": "0",
                "quantum_resistant_sessions": "0"
            },
            "ppk_secured_sas": [],
            "signature_algorithm": []
        },
        "macsec": {
            "cipher": "GCM-AES-256",
            "ckn": "4974BCE68D541249A170D31D583D4EF7",
            "delta_pings_succeeded": "20",
            "mka_secured_sessions": "1",
            "out_pkts_encrypted_DELTA": 42,
            "out_pkts_encrypted_after_ping": "50",
            "out_pkts_encrypted_cumulative": "8",
            "pqc_type": "(default: non-pqc)",
            "tls_version": "(default: all)",
            "transmitting": true
        },
        "ssh": {
            "hostkey": [
                "rsa-sha2-512",
                "rsa-sha2-256"
            ],
            "kex_offer_order": [
                "mlkem768x25519-sha256",
                "mlkem768nistp256-sha256",
                "curve25519-sha256",
                "ecdh-sha2-nistp256"
            ]
        }
    }
}
ok: [r3] => {
    "msg": {
        "host": "r3",
        "https": {
            "pqc_type": "(default: all)",
            "tls_version": "(unset)"
        },
        "ipsec": {
            "expected_pqc_group": "pqc-gt-mlkem768",
            "ike_fragmentation": false,
            "ike_sa_count": 0,
            "negotiated_pqc_group": [],
            "ppk_counters": {
                "dynamic_ppk": "0",
                "manual_ppk": "0",
                "ppk_auth_fail": "0",
                "ppk_id_mismatch": "0",
                "ppk_retrieve_fail": "0",
                "quantum_resistant_sessions": "0"
            },
            "ppk_counters_yang_broken_on_26_2": {
                "dynamic_ppk": "0",
                "manual_ppk": "0",
                "ppk_auth_fail": "0",
                "ppk_id_mismatch": "0",
                "quantum_resistant_sessions": "0"
            },
            "ppk_secured_sas": [],
            "signature_algorithm": []
        },
        "macsec": "not on the MACsec link",
        "ssh": {
            "hostkey": [
                "rsa-sha2-512",
                "rsa-sha2-256"
            ],
            "kex_offer_order": []
        }
    }
}

PLAY RECAP *********************************************************************
r1                         : ok=54   changed=0    unreachable=0    failed=0    skipped=23   rescued=0    ignored=0   
r2                         : ok=67   changed=4    unreachable=0    failed=0    skipped=27   rescued=0    ignored=0   
r3                         : ok=16   changed=0    unreachable=0    failed=0    skipped=17   rescued=0    ignored=0   

### END=2026-09-01T12:40:37Z
### RC=0
