### TAG=phaseC8-sshpq-run2-idempotence
### CMD=ansible-playbook ssh-pq.yml
### START=2026-09-01T10:10:08Z

PLAY [Offer ML-KEM hybrid key exchange to SSH clients] *************************

TASK [ssh_pq : SSH PQ | sanity] ************************************************
ok: [r2]
ok: [r1]
ok: [r3]

TASK [ssh_pq : SSH PQ | insist on a classical fallback] ************************
ok: [r1]
ok: [r2]
ok: [r3]

TASK [ssh_pq : SSH PQ | render] ************************************************
ok: [r1]
ok: [r2]
ok: [r3]

TASK [SSH PQ | push] ***********************************************************
included: common for r2, r1, r3

TASK [common : NETCONF edit-config | SSH kex order: mlkem768x25519-sha256, mlkem768nistp256-sha256, curve25519-sha256, ecdh-sha2-nistp256] ***
ok: [r1]
ok: [r2]
ok: [r3]

TASK [ssh_pq : SSH PQ | note when this takes effect] ***************************
ok: [r1] => {
    "msg": "Existing SSH sessions keep the algorithm they negotiated. This changes what the NEXT handshake offers, so the connection Ansible is holding right now is unaffected. Reconnect to see it, and check with \"ssh -vv\" that the client landed on mlkem768x25519-sha256."
}
ok: [r2] => {
    "msg": "Existing SSH sessions keep the algorithm they negotiated. This changes what the NEXT handshake offers, so the connection Ansible is holding right now is unaffected. Reconnect to see it, and check with \"ssh -vv\" that the client landed on mlkem768x25519-sha256."
}
ok: [r3] => {
    "msg": "Existing SSH sessions keep the algorithm they negotiated. This changes what the NEXT handshake offers, so the connection Ansible is holding right now is unaffected. Reconnect to see it, and check with \"ssh -vv\" that the client landed on mlkem768x25519-sha256."
}

TASK [SSH PQ | save] ***********************************************************
included: common for r2, r1, r3

PLAY [Report the post-quantum posture] *****************************************

TASK [Verify | negotiated ML-KEM group per IKEv2 SA] ***************************
included: common for r2, r1, r3

TASK [common : NETCONF get | IKEv2 SA operational data] ************************
ok: [r3]
ok: [r1]
ok: [r2]

TASK [verify : Verify | record the negotiated groups] **************************
ok: [r1]
ok: [r2]
ok: [r3]

TASK [Verify | PPK quantum-resistance counters] ********************************
included: common for r2, r1, r3

TASK [common : NETCONF get | IKEv2 statistics] *********************************
ok: [r1]
ok: [r2]
ok: [r3]

TASK [verify : Verify | record the PPK counters as YANG reports them] **********
ok: [r2]
ok: [r1]
ok: [r3]
[WARNING]: ansible-pylibssh not installed, falling back to paramiko

TASK [verify : Verify | IKEv2 signature algorithm and PPK counters (show parsing, see comment)] ***
ok: [r1]
ok: [r2]
ok: [r3]

TASK [verify : Verify | record the signature algorithms] ***********************
ok: [r2]
ok: [r1]
ok: [r3]

TASK [verify : Verify | record the PPK counters as the CLI reports them] *******
ok: [r2]
ok: [r1]
ok: [r3]

TASK [Verify | SSH key exchange algorithms] ************************************
included: common for r2, r1, r3

TASK [common : NETCONF get | ip ssh server algorithm kex] **********************
ok: [r2]
ok: [r3]
ok: [r1]

TASK [verify : Verify | record the SSH posture] ********************************
ok: [r1]
ok: [r2]
ok: [r3]

TASK [Verify | HTTPS PQC type] *************************************************
included: common for r2, r1, r3

TASK [common : NETCONF get | ip http secure-pqc-type] **************************
ok: [r3]
ok: [r2]
ok: [r1]

TASK [verify : Verify | record the HTTPS posture] ******************************
ok: [r2]
ok: [r1]
ok: [r3]

TASK [Verify | access-session PQ settings] *************************************
included: common for r2, r1

TASK [common : NETCONF get | access-session pqc-type / tls-version] ************
ok: [r1]
ok: [r2]

TASK [verify : Verify | record the access-session settings] ********************
ok: [r1]
ok: [r2]

TASK [verify : Verify | MKA and MACsec state (show parsing, see comment)] ******
ok: [r2]
ok: [r1]

TASK [verify : Verify | record the MACsec state] *******************************
ok: [r2]
ok: [r1]

TASK [verify : Verify | PQ posture] ********************************************
ok: [r2] => {
    "msg": {
        "host": "r2",
        "https": {
            "pqc_type": "(default: all)",
            "tls_version": "(unset)"
        },
        "ipsec": {
            "expected_pqc_group": "pqc-gt-mlkem768",
            "ike_fragmentation": false,
            "ike_sa_count": 0,
            "negotiated_pqc_group": [],
            "ppk_counters": {
                "dynamic_ppk": "0",
                "manual_ppk": "0",
                "ppk_auth_fail": "0",
                "ppk_id_mismatch": "0",
                "ppk_retrieve_fail": "0",
                "quantum_resistant_sessions": "0"
            },
            "ppk_counters_yang_broken_on_26_2": {
                "dynamic_ppk": "0",
                "manual_ppk": "0",
                "ppk_auth_fail": "0",
                "ppk_id_mismatch": "0",
                "quantum_resistant_sessions": "0"
            },
            "ppk_secured_sas": [],
            "signature_algorithm": []
        },
        "macsec": {
            "cipher": "(none)",
            "ckn": "(none)",
            "mka_secured_sessions": "0",
            "out_pkts_encrypted": "0",
            "pqc_type": "(default: non-pqc)",
            "tls_version": "(default: all)",
            "transmitting": false
        },
        "ssh": {
            "hostkey": [
                "rsa-sha2-512",
                "rsa-sha2-256"
            ],
            "kex_offer_order": [
                "mlkem768x25519-sha256",
                "mlkem768nistp256-sha256",
                "curve25519-sha256",
                "ecdh-sha2-nistp256"
            ]
        }
    }
}
ok: [r1] => {
    "msg": {
        "host": "r1",
        "https": {
            "pqc_type": "(default: all)",
            "tls_version": "(unset)"
        },
        "ipsec": {
            "expected_pqc_group": "pqc-gt-mlkem768",
            "ike_fragmentation": false,
            "ike_sa_count": 0,
            "negotiated_pqc_group": [],
            "ppk_counters": {
                "dynamic_ppk": "0",
                "manual_ppk": "0",
                "ppk_auth_fail": "0",
                "ppk_id_mismatch": "0",
                "ppk_retrieve_fail": "0",
                "quantum_resistant_sessions": "0"
            },
            "ppk_counters_yang_broken_on_26_2": {
                "dynamic_ppk": "0",
                "manual_ppk": "0",
                "ppk_auth_fail": "0",
                "ppk_id_mismatch": "0",
                "quantum_resistant_sessions": "0"
            },
            "ppk_secured_sas": [],
            "signature_algorithm": []
        },
        "macsec": {
            "cipher": "(none)",
            "ckn": "(none)",
            "mka_secured_sessions": "0",
            "out_pkts_encrypted": "0",
            "pqc_type": "(default: non-pqc)",
            "tls_version": "(default: all)",
            "transmitting": false
        },
        "ssh": {
            "hostkey": [
                "rsa-sha2-512",
                "rsa-sha2-256"
            ],
            "kex_offer_order": [
                "mlkem768x25519-sha256",
                "mlkem768nistp256-sha256",
                "curve25519-sha256",
                "ecdh-sha2-nistp256"
            ]
        }
    }
}
ok: [r3] => {
    "msg": {
        "host": "r3",
        "https": {
            "pqc_type": "(default: all)",
            "tls_version": "(unset)"
        },
        "ipsec": {
            "expected_pqc_group": "pqc-gt-mlkem768",
            "ike_fragmentation": false,
            "ike_sa_count": 0,
            "negotiated_pqc_group": [],
            "ppk_counters": {
                "dynamic_ppk": "0",
                "manual_ppk": "0",
                "ppk_auth_fail": "0",
                "ppk_id_mismatch": "0",
                "ppk_retrieve_fail": "0",
                "quantum_resistant_sessions": "0"
            },
            "ppk_counters_yang_broken_on_26_2": {
                "dynamic_ppk": "0",
                "manual_ppk": "0",
                "ppk_auth_fail": "0",
                "ppk_id_mismatch": "0",
                "quantum_resistant_sessions": "0"
            },
            "ppk_secured_sas": [],
            "signature_algorithm": []
        },
        "macsec": "not on the MACsec link",
        "ssh": {
            "hostkey": [
                "rsa-sha2-512",
                "rsa-sha2-256"
            ],
            "kex_offer_order": [
                "mlkem768x25519-sha256",
                "mlkem768nistp256-sha256",
                "curve25519-sha256",
                "ecdh-sha2-nistp256"
            ]
        }
    }
}

PLAY RECAP *********************************************************************
r1                         : ok=28   changed=0    unreachable=0    failed=0    skipped=6    rescued=0    ignored=0   
r2                         : ok=28   changed=0    unreachable=0    failed=0    skipped=6    rescued=0    ignored=0   
r3                         : ok=23   changed=0    unreachable=0    failed=0    skipped=10   rescued=0    ignored=0   

### END=2026-09-01T10:10:33Z
### RC=0
