### TAG=phaseC4-baseline-teardown
### CMD=ansible-playbook ipsec-baseline.yml -e state=absent
### START=2026-09-01T10:06:04Z

PLAY [Build classical hub-and-spoke IPsec] *************************************

TASK [ipsec_baseline : IPsec baseline | sanity] ********************************
ok: [r2]
ok: [r1]
ok: [r3]

TASK [ipsec_baseline : Tunnel interfaces] **************************************
included: /Users/jgomez2/dev/pqc/deploy/ios-xe/automation/roles/ipsec_baseline/tasks/tunnels.yml for r2, r1, r3
[WARNING]: ansible-pylibssh not installed, falling back to paramiko
[WARNING]: To ensure idempotency and correct diff the input configuration lines should be similar to how they appear if present in the running configuration on device

TASK [ipsec_baseline : Remove tunnel interface per peer] ***********************
changed: [r3] => (item=Tunnel102)
changed: [r2] => (item=Tunnel101)
changed: [r1] => (item=Tunnel101)
changed: [r2] => (item=Tunnel102)

TASK [ipsec_baseline : Render IPsec removal] ***********************************
ok: [r3]
ok: [r1]
ok: [r2]

TASK [Push IPsec removal] ******************************************************
included: common for r2, r1, r3

TASK [common : NETCONF edit-config | remove IPsec transform set and profiles] ***
changed: [r1]
changed: [r3]
changed: [r2]

TASK [ipsec_baseline : Render IKEv2 profile removal] ***************************
ok: [r1]
ok: [r2]
ok: [r3]

TASK [Push IKEv2 profile removal] **********************************************
included: common for r2, r1, r3

TASK [common : NETCONF edit-config | remove IKEv2 profiles] ********************
changed: [r1]
changed: [r3]
changed: [r2]

TASK [ipsec_baseline : Render IKEv2 global removal] ****************************
ok: [r3]
ok: [r1]
ok: [r2]

TASK [Push IKEv2 global removal] ***********************************************
included: common for r2, r1, r3

TASK [common : NETCONF edit-config | remove IKEv2 global] **********************
changed: [r1]
changed: [r2]
changed: [r3]

TASK [Save] ********************************************************************
included: common for r2, r1, r3

PLAY [Report the post-quantum posture] *****************************************

TASK [Verify | negotiated ML-KEM group per IKEv2 SA] ***************************
included: common for r2, r1, r3

TASK [common : NETCONF get | IKEv2 SA operational data] ************************
ok: [r1]
ok: [r2]
ok: [r3]

TASK [verify : Verify | record the negotiated groups] **************************
ok: [r1]
ok: [r2]
ok: [r3]

TASK [Verify | PPK quantum-resistance counters] ********************************
included: common for r2, r1, r3

TASK [common : NETCONF get | IKEv2 statistics] *********************************
ok: [r3]
ok: [r2]
ok: [r1]

TASK [verify : Verify | record the PPK counters as YANG reports them] **********
ok: [r1]
ok: [r2]
ok: [r3]

TASK [verify : Verify | IKEv2 signature algorithm and PPK counters (show parsing, see comment)] ***
ok: [r2]
ok: [r3]
ok: [r1]

TASK [verify : Verify | record the signature algorithms] ***********************
ok: [r2]
ok: [r1]
ok: [r3]

TASK [verify : Verify | record the PPK counters as the CLI reports them] *******
ok: [r2]
ok: [r1]
ok: [r3]

TASK [Verify | SSH key exchange algorithms] ************************************
included: common for r2, r1, r3

TASK [common : NETCONF get | ip ssh server algorithm kex] **********************
ok: [r3]
ok: [r2]
ok: [r1]

TASK [verify : Verify | record the SSH posture] ********************************
ok: [r1]
ok: [r2]
ok: [r3]

TASK [Verify | HTTPS PQC type] *************************************************
included: common for r2, r1, r3

TASK [common : NETCONF get | ip http secure-pqc-type] **************************
ok: [r3]
ok: [r2]
ok: [r1]

TASK [verify : Verify | record the HTTPS posture] ******************************
ok: [r2]
ok: [r1]
ok: [r3]

TASK [Verify | access-session PQ settings] *************************************
included: common for r2, r1

TASK [common : NETCONF get | access-session pqc-type / tls-version] ************
ok: [r1]
ok: [r2]

TASK [verify : Verify | record the access-session settings] ********************
ok: [r2]
ok: [r1]

TASK [verify : Verify | MKA and MACsec state (show parsing, see comment)] ******
ok: [r2]
ok: [r1]

TASK [verify : Verify | record the MACsec state] *******************************
ok: [r2]
ok: [r1]

TASK [verify : Verify | PQ posture] ********************************************
ok: [r2] => {
    "msg": {
        "host": "r2",
        "https": {
            "pqc_type": "(default: all)",
            "tls_version": "(unset)"
        },
        "ipsec": {
            "expected_pqc_group": "pqc-gt-mlkem768",
            "ike_fragmentation": false,
            "ike_sa_count": 0,
            "negotiated_pqc_group": [],
            "ppk_counters": {
                "dynamic_ppk": "0",
                "manual_ppk": "0",
                "ppk_auth_fail": "0",
                "ppk_id_mismatch": "0",
                "ppk_retrieve_fail": "0",
                "quantum_resistant_sessions": "0"
            },
            "ppk_counters_yang_broken_on_26_2": {
                "dynamic_ppk": "0",
                "manual_ppk": "0",
                "ppk_auth_fail": "0",
                "ppk_id_mismatch": "0",
                "quantum_resistant_sessions": "0"
            },
            "ppk_secured_sas": [],
            "signature_algorithm": []
        },
        "macsec": {
            "cipher": "(none)",
            "ckn": "(none)",
            "mka_secured_sessions": "0",
            "out_pkts_encrypted": "0",
            "pqc_type": "(default: non-pqc)",
            "tls_version": "(default: all)",
            "transmitting": false
        },
        "ssh": {
            "hostkey": [],
            "kex_offer_order": []
        }
    }
}
ok: [r1] => {
    "msg": {
        "host": "r1",
        "https": {
            "pqc_type": "(default: all)",
            "tls_version": "(unset)"
        },
        "ipsec": {
            "expected_pqc_group": "pqc-gt-mlkem768",
            "ike_fragmentation": false,
            "ike_sa_count": 0,
            "negotiated_pqc_group": [],
            "ppk_counters": {
                "dynamic_ppk": "0",
                "manual_ppk": "0",
                "ppk_auth_fail": "0",
                "ppk_id_mismatch": "0",
                "ppk_retrieve_fail": "0",
                "quantum_resistant_sessions": "0"
            },
            "ppk_counters_yang_broken_on_26_2": {
                "dynamic_ppk": "0",
                "manual_ppk": "0",
                "ppk_auth_fail": "0",
                "ppk_id_mismatch": "0",
                "quantum_resistant_sessions": "0"
            },
            "ppk_secured_sas": [],
            "signature_algorithm": []
        },
        "macsec": {
            "cipher": "(none)",
            "ckn": "(none)",
            "mka_secured_sessions": "0",
            "out_pkts_encrypted": "0",
            "pqc_type": "(default: non-pqc)",
            "tls_version": "(default: all)",
            "transmitting": false
        },
        "ssh": {
            "hostkey": [
                "rsa-sha2-512",
                "rsa-sha2-256"
            ],
            "kex_offer_order": [
                "mlkem768x25519-sha256",
                "mlkem768nistp256-sha256",
                "curve25519-sha256",
                "ecdh-sha2-nistp256"
            ]
        }
    }
}
ok: [r3] => {
    "msg": {
        "host": "r3",
        "https": {
            "pqc_type": "(default: all)",
            "tls_version": "(unset)"
        },
        "ipsec": {
            "expected_pqc_group": "pqc-gt-mlkem768",
            "ike_fragmentation": true,
            "ike_sa_count": 1,
            "negotiated_pqc_group": [
                "pqc-gt-none"
            ],
            "ppk_counters": {
                "dynamic_ppk": "0",
                "manual_ppk": "0",
                "ppk_auth_fail": "0",
                "ppk_id_mismatch": "0",
                "ppk_retrieve_fail": "0",
                "quantum_resistant_sessions": "0"
            },
            "ppk_counters_yang_broken_on_26_2": {
                "dynamic_ppk": "0",
                "manual_ppk": "0",
                "ppk_auth_fail": "0",
                "ppk_id_mismatch": "0",
                "quantum_resistant_sessions": "0"
            },
            "ppk_secured_sas": [],
            "signature_algorithm": [
                "PSK"
            ]
        },
        "macsec": "not on the MACsec link",
        "ssh": {
            "hostkey": [
                "rsa-sha2-512",
                "rsa-sha2-256"
            ],
            "kex_offer_order": []
        }
    }
}

PLAY RECAP *********************************************************************
r1                         : ok=34   changed=4    unreachable=0    failed=0    skipped=15   rescued=0    ignored=0   
r2                         : ok=34   changed=4    unreachable=0    failed=0    skipped=15   rescued=0    ignored=0   
r3                         : ok=29   changed=4    unreachable=0    failed=0    skipped=19   rescued=0    ignored=0   

### END=2026-09-01T10:07:04Z
### RC=0
